// Jest Snapshot v1, https://goo.gl/fbAQLP

exports[`App component checks for keys 1`] = `
<DocumentFragment>
  <div
    class="piano"
  >
    <div
      class="pianoTop"
    >
      <div
        class="saveTrack"
      >
        <button>
          Save Track
        </button>
        <br />
      </div>
      <div
        class="playback"
      >
        <button>
           
          <img
            alt=""
            src="/path/image"
            width="10px"
          />
           Play  
        </button>
        <button>
          record
          <div
            class="dark"
          />
        </button>
        <button>
          <img
            alt="need help?"
            src="/path/image"
          />
          need help?
        </button>
      </div>
      <section
        class="settings"
      >
        <button
          aria-label="show-settings"
        >
           Show Settings 
        </button>
      </section>
    </div>
    <section
      class="keys"
    >
      <span>
        <button
          aria-label="note-key"
          class="keyButton c"
          role="button"
          value="c"
        >
          c
        </button>
      </span>
      <span>
        <button
          aria-label="note-key"
          class="keyButton d"
          role="button"
          value="d"
        >
          d
        </button>
      </span>
      <span>
        <button
          aria-label="note-key"
          class="keyButton e"
          role="button"
          value="e"
        >
          e
        </button>
      </span>
      <span>
        <button
          aria-label="note-key"
          class="keyButton f"
          role="button"
          value="f"
        >
          f
        </button>
      </span>
      <span>
        <button
          aria-label="note-key"
          class="keyButton g"
          role="button"
          value="g"
        >
          g
        </button>
      </span>
      <span>
        <button
          aria-label="note-key"
          class="keyButton a"
          role="button"
          value="a"
        >
          a
        </button>
      </span>
      <span>
        <button
          aria-label="note-key"
          class="keyButton b"
          role="button"
          value="b"
        >
          b
        </button>
      </span>
      <button
        aria-label="note-key"
        class="keyButtonSharp"
        role="button"
        value="c#"
      >
         c#
      </button>
      <button
        aria-label="note-key"
        class="keyButtonSharp"
        role="button"
        value="d#"
      >
         d#
      </button>
      <button
        aria-label="note-key"
        class="keyButtonSharp"
        role="button"
        value="f#"
      >
         f#
      </button>
      <button
        aria-label="note-key"
        class="keyButtonSharp"
        role="button"
        value="g#"
      >
         g#
      </button>
      <button
        aria-label="note-key"
        class="keyButtonSharp"
        role="button"
        value="a#"
      >
         a#
      </button>
    </section>
  </div>
  <section
    class="chart"
  >
    <span
      style="z-index: 2; position: absolute; width: 5px; height: 200px; border: 1px solid black; left: 67px;"
    />
    &lt;div&gt;Loading Chart&lt;/div&gt;
  </section>
  <section
    class="pianoInstructions 
      // conditional to assign onScreen or OffScreen as well
      offScreen"
  >
    <div
      class="instructionText"
    >
      <h3>
        How to record 
      </h3>
      <p>
        (1)When record light is green you are not recording
      </p>
      <p>
        (2)Select record to turn light red
      </p>
      <p>
        (3)Playing notes will now save them to a track
      </p>
      <p>
        (4)Select playback to play your current track
      </p>
      <h3>
        Has keyboard support!
      </h3>
      <p>
        Press keys c, d, e, f, g, a, b
      </p>
      <p>
        Press keys 1 - 5 to play sharp notes
      </p>
    </div>
    <img
      alt="need help?"
      class="close"
      src="/path/image"
    />
  </section>
</DocumentFragment>
`;

exports[`App component renders App 1`] = `
<DocumentFragment>
  <ul
    class="header"
  >
    <a
      href="/tracks"
    >
      <li>
        Tracks
      </li>
    </a>
    <a
      href="/record"
    >
      <li>
        Record track 
      </li>
    </a>
  </ul>
  <section
    class="sc-iCoGMd fyCuRb"
  >
    <p
      class="sc-jSFjdj bpXKGN"
    >
      Call to action stuff here
    </p>
    <div
      class="sc-bdnxRM lbyISz"
    >
       Create tracks on the piano
    </div>
    <div
      class="sc-gtsrHT jiPPVr"
    >
      <div
        class="sc-hKFxyN lmlViE"
      >
        <button
          aria-label="previous-button"
          class="sc-eCApnc lkunDH"
        >
          back
        </button>
        <div
          aria-label="slider of images"
          class="sc-dlnjwi lcamkI"
        />
        <button
          aria-label="next-button"
          class="sc-eCApnc lkunDH"
        >
          next
        </button>
      </div>
    </div>
    <p
      class="sc-jSFjdj bpXKGN"
    >
      Another section for information here
    </p>
  </section>
  <div>
    <a
      href="https://tonejs.github.io/"
    >
      Powered by
      <img
        alt="contribution"
        height="100px"
        src="/path/image"
        width="200px"
      />
    </a>
  </div>
</DocumentFragment>
`;
