// Jest Snapshot v1, https://goo.gl/fbAQLP

exports[`App component checks for keys 1`] = `
<DocumentFragment>
  <ul
    class="trackNotes"
  >
    <li>
      Recordings
    </li>
  </ul>
  <section
    class="chart"
  >
    &lt;div&gt;Loading Chart&lt;/div&gt;
  </section>
  <button>
    Playback
  </button>
  <button>
    record
  </button>
  <div
    class="dark"
  />
  <img
    alt="need help?"
    src="/path/image"
  />
  <span>
    need help?
  </span>
  <br />
  <div
    class="piano"
  >
    <div
      class="keyBoard"
    >
      <section
        class="keys"
      >
        <span>
          <button
            aria-label="note-key"
            class="keyButton c"
            value="c"
          >
            c
          </button>
        </span>
        <span>
          <button
            aria-label="note-key"
            class="keyButton d"
            value="d"
          >
            d
          </button>
        </span>
        <span>
          <button
            aria-label="note-key"
            class="keyButton e"
            value="e"
          >
            e
          </button>
        </span>
        <span>
          <button
            aria-label="note-key"
            class="keyButton f"
            value="f"
          >
            f
          </button>
        </span>
        <span>
          <button
            aria-label="note-key"
            class="keyButton g"
            value="g"
          >
            g
          </button>
        </span>
        <span>
          <button
            aria-label="note-key"
            class="keyButton a"
            value="a"
          >
            a
          </button>
        </span>
        <span>
          <button
            aria-label="note-key"
            class="keyButton b"
            value="b"
          >
            b
          </button>
        </span>
        <button
          aria-label="note-key"
          class="keyButtonSharp"
          value="c#"
        >
           c#
        </button>
        <button
          aria-label="note-key"
          class="keyButtonSharp"
          value="d#"
        >
           d#
        </button>
        <button
          aria-label="note-key"
          class="keyButtonSharp"
          value="f#"
        >
           f#
        </button>
        <button
          aria-label="note-key"
          class="keyButtonSharp"
          value="g#"
        >
           g#
        </button>
        <button
          aria-label="note-key"
          class="keyButtonSharp"
          value="a#"
        >
           a#
        </button>
      </section>
    </div>
    <section
      class="settings"
    >
      <label>
        <button
          aria-label="hide-settings"
        >
           hide Settings 
        </button>
        <form>
          <p
            class="hint"
          >
            Note Length Seconds
          </p>
          <input
            pattern="[0-9]"
            placeholder="1"
            step=".1"
            type="number"
            value="1"
          />
          <p
            class="hint"
          >
            Keyboard presses set duration to how long you held the key
          </p>
          <p>
            Octave 4
          </p>
          <img
            alt=""
            src="/path/image"
          />
          <input
            max="7"
            min="1"
            type="range"
            value="4"
          />
          <div
            class="volume"
          >
            <img
              alt="volume speaker icon"
              src="/path/image"
              width="20px"
            />
            <input
              max="0"
              min="-40"
              type="range"
              value="-20"
            />
          </div>
        </form>
      </label>
    </section>
  </div>
  <label>
    <h2>
      Create a drop
    </h2>
    <span>
      note start: select a note
    </span>
    <span>
      note end: select a note
    </span>
    <span>
       duration:  8n
    </span>
    <form
      action=""
    >
      <span>
        starting note
      </span>
      <select
        id=""
        name="start"
      >
        <option
          value="c"
        >
          c
        </option>
        <option
          value="d"
        >
          d
        </option>
        <option
          value="e"
        >
          e
        </option>
        <option
          value="f"
        >
          f
        </option>
        <option
          value="g"
        >
          g
        </option>
        <option
          value="a"
        >
          a
        </option>
        <option
          value="b"
        >
          b
        </option>
      </select>
      <span>
        ending note
      </span>
      <select
        id=""
        name="end"
      >
        <option
          value="c"
        >
          c
        </option>
        <option
          value="d"
        >
          d
        </option>
        <option
          value="e"
        >
          e
        </option>
        <option
          value="f"
        >
          f
        </option>
        <option
          value="g"
        >
          g
        </option>
        <option
          value="a"
        >
          a
        </option>
        <option
          value="b"
        >
          b
        </option>
      </select>
      <span>
        Duration
      </span>
      <select
        id=""
        name=""
      >
        <option
          value="+1"
        >
          +1
        </option>
        <option
          value="+1.5"
        >
          +1.5
        </option>
        <option
          value="+1.75"
        >
          +1.75
        </option>
        <option
          value="+2"
        >
          +2
        </option>
        <option
          value="+2.25"
        >
          +2.25
        </option>
        <option
          value="+2.5"
        >
          +2.5
        </option>
        <option
          value="+3"
        >
          +3
        </option>
        <option
          value="+4"
        >
          +4
        </option>
      </select>
      <button>
        submit
      </button>
    </form>
  </label>
  <section
    class="pianoInstructions offScreen"
  >
    <img
      alt="need help?"
      src="/path/image"
    />
    <span>
      CLOSE
    </span>
    <div>
      <h3>
        How to record
      </h3>
      <p>
        (1)Hit record
      </p>
      <p>
        (2)Play notes
      </p>
      <p>
        (3)Hit record
      </p>
      <p>
        (4)Hit playback
      </p>
      <p>
        (4)Wait a few seconds
      </p>
      <h3>
        Has keyboard support!
      </h3>
      <p>
        Press keys c, d, e, f, g, a, b
      </p>
      <p>
        Press keys 1 - 5 to play sharp notes
      </p>
    </div>
  </section>
</DocumentFragment>
`;

exports[`App component renders App 1`] = `
<DocumentFragment>
  <ul
    class="trackNotes"
  >
    <li>
      Recordings
    </li>
  </ul>
  <section
    class="chart"
  >
    &lt;div&gt;Loading Chart&lt;/div&gt;
  </section>
  <button>
    Playback
  </button>
  <button>
    record
  </button>
  <div
    class="dark"
  />
  <img
    alt="need help?"
    src="/path/image"
  />
  <span>
    need help?
  </span>
  <br />
  <div
    class="piano"
  >
    <div
      class="keyBoard"
    >
      <section
        class="keys"
      >
        <span>
          <button
            aria-label="note-key"
            class="keyButton c"
            value="c"
          >
            c
          </button>
        </span>
        <span>
          <button
            aria-label="note-key"
            class="keyButton d"
            value="d"
          >
            d
          </button>
        </span>
        <span>
          <button
            aria-label="note-key"
            class="keyButton e"
            value="e"
          >
            e
          </button>
        </span>
        <span>
          <button
            aria-label="note-key"
            class="keyButton f"
            value="f"
          >
            f
          </button>
        </span>
        <span>
          <button
            aria-label="note-key"
            class="keyButton g"
            value="g"
          >
            g
          </button>
        </span>
        <span>
          <button
            aria-label="note-key"
            class="keyButton a"
            value="a"
          >
            a
          </button>
        </span>
        <span>
          <button
            aria-label="note-key"
            class="keyButton b"
            value="b"
          >
            b
          </button>
        </span>
        <button
          aria-label="note-key"
          class="keyButtonSharp"
          value="c#"
        >
           c#
        </button>
        <button
          aria-label="note-key"
          class="keyButtonSharp"
          value="d#"
        >
           d#
        </button>
        <button
          aria-label="note-key"
          class="keyButtonSharp"
          value="f#"
        >
           f#
        </button>
        <button
          aria-label="note-key"
          class="keyButtonSharp"
          value="g#"
        >
           g#
        </button>
        <button
          aria-label="note-key"
          class="keyButtonSharp"
          value="a#"
        >
           a#
        </button>
      </section>
    </div>
    <section
      class="settings"
    >
      <label>
        <button
          aria-label="hide-settings"
        >
           hide Settings 
        </button>
        <form>
          <p
            class="hint"
          >
            Note Length Seconds
          </p>
          <input
            pattern="[0-9]"
            placeholder="1"
            step=".1"
            type="number"
            value="1"
          />
          <p
            class="hint"
          >
            Keyboard presses set duration to how long you held the key
          </p>
          <p>
            Octave 4
          </p>
          <img
            alt=""
            src="/path/image"
          />
          <input
            max="7"
            min="1"
            type="range"
            value="4"
          />
          <div
            class="volume"
          >
            <img
              alt="volume speaker icon"
              src="/path/image"
              width="20px"
            />
            <input
              max="0"
              min="-40"
              type="range"
              value="-20"
            />
          </div>
        </form>
      </label>
    </section>
  </div>
  <label>
    <h2>
      Create a drop
    </h2>
    <span>
      note start: select a note
    </span>
    <span>
      note end: select a note
    </span>
    <span>
       duration:  8n
    </span>
    <form
      action=""
    >
      <span>
        starting note
      </span>
      <select
        id=""
        name="start"
      >
        <option
          value="c"
        >
          c
        </option>
        <option
          value="d"
        >
          d
        </option>
        <option
          value="e"
        >
          e
        </option>
        <option
          value="f"
        >
          f
        </option>
        <option
          value="g"
        >
          g
        </option>
        <option
          value="a"
        >
          a
        </option>
        <option
          value="b"
        >
          b
        </option>
      </select>
      <span>
        ending note
      </span>
      <select
        id=""
        name="end"
      >
        <option
          value="c"
        >
          c
        </option>
        <option
          value="d"
        >
          d
        </option>
        <option
          value="e"
        >
          e
        </option>
        <option
          value="f"
        >
          f
        </option>
        <option
          value="g"
        >
          g
        </option>
        <option
          value="a"
        >
          a
        </option>
        <option
          value="b"
        >
          b
        </option>
      </select>
      <span>
        Duration
      </span>
      <select
        id=""
        name=""
      >
        <option
          value="+1"
        >
          +1
        </option>
        <option
          value="+1.5"
        >
          +1.5
        </option>
        <option
          value="+1.75"
        >
          +1.75
        </option>
        <option
          value="+2"
        >
          +2
        </option>
        <option
          value="+2.25"
        >
          +2.25
        </option>
        <option
          value="+2.5"
        >
          +2.5
        </option>
        <option
          value="+3"
        >
          +3
        </option>
        <option
          value="+4"
        >
          +4
        </option>
      </select>
      <button>
        submit
      </button>
    </form>
  </label>
  <section
    class="pianoInstructions offScreen"
  >
    <img
      alt="need help?"
      src="/path/image"
    />
    <span>
      CLOSE
    </span>
    <div>
      <h3>
        How to record
      </h3>
      <p>
        (1)Hit record
      </p>
      <p>
        (2)Play notes
      </p>
      <p>
        (3)Hit record
      </p>
      <p>
        (4)Hit playback
      </p>
      <p>
        (4)Wait a few seconds
      </p>
      <h3>
        Has keyboard support!
      </h3>
      <p>
        Press keys c, d, e, f, g, a, b
      </p>
      <p>
        Press keys 1 - 5 to play sharp notes
      </p>
    </div>
  </section>
</DocumentFragment>
`;
